// Jest Snapshot v1, https://goo.gl/fbAQLP

exports[`ButtonNextStep renders correctly 1`] = `
<div
  className="ButtonNextStep"
>
  <button
    className="ant-btn"
    onClick={[Function]}
    type="button"
  >
    commons.buttons.back
  </button>
  <button
    className="ant-btn"
    disabled={true}
    onClick={[Function]}
    type="button"
  >
    commons.buttons.continue
  </button>
</div>
`;
