// Jest Snapshot v1, https://goo.gl/fbAQLP

exports[`Stepper renders correctly 1`] = `
<div
  className="StepperContainer"
>
  <div
    className="StepperIndicators"
  />
  <div
    className="ant-steps ant-steps-horizontal ant-steps-small ant-steps-label-horizontal"
    style={Object {}}
  />
  <div
    className="StepperTitles"
  />
</div>
`;
